// Jest Snapshot v1, https://goo.gl/fbAQLP

exports[`should render h1 text 1`] = `
<div>
  <div>
    <div
      class="form"
    >
      <form>
        <h1>
          Dog Information
        </h1>
        <div
          class="form-control"
        >
          <label>
            Name:
          </label>
          <input
            placeholder="Name"
            type="text"
            value=""
          />
        </div>
        <div
          class="form-control"
        >
          <label>
            Breed:
          </label>
          <input
            placeholder="Breed"
            type="text"
            value=""
          />
        </div>
        <div
          class="form-control"
        >
          <label>
            Age:
          </label>
          <input
            placeholder="Age"
            type="text"
            value=""
          />
        </div>
        <div
          class="form-control"
        >
          <label>
            Bio:
          </label>
          <input
            placeholder="Bio"
            type="text"
            value=""
          />
        </div>
        <div
          class="form-control"
        >
          <label>
            Image:
          </label>
          <input
            placeholder="Image"
            type="text"
            value=""
          />
        </div>
        <div>
          <button
            class="button"
          >
            Save
          </button>
        </div>
      </form>
    </div>
  </div>
</div>
`;
