// Jest Snapshot v1, https://goo.gl/fbAQLP

exports[`should render a dogs info in the form 1`] = `
<div>
  <div>
    <div
      class="form"
    >
      <form>
        <h1>
          Dog Information
        </h1>
        <div
          class="form-control"
        >
          <label>
            Name:
          </label>
          <input
            placeholder="Name"
            type="text"
            value="Anna"
          />
        </div>
        <div
          class="form-control"
        >
          <label>
            Breed:
          </label>
          <input
            placeholder="Breed"
            type="text"
            value="Longhair lab/shepherd mix"
          />
        </div>
        <div
          class="form-control"
        >
          <label>
            Age:
          </label>
          <input
            placeholder="Age"
            type="text"
            value="23"
          />
        </div>
        <div
          class="form-control"
        >
          <label>
            Bio:
          </label>
          <input
            placeholder="Bio"
            type="text"
            value="Always puts smiles on other's faces and enjoys the better things in life"
          />
        </div>
        <div
          class="form-control"
        >
          <label>
            Image:
          </label>
          <input
            placeholder="Image"
            type="text"
            value="https://placedog.net/1000/563?id=155"
          />
        </div>
        <div>
          <button
            class="button"
          >
            Save
          </button>
        </div>
      </form>
    </div>
  </div>
</div>
`;
